{
  "type": "SourceFile",
  "fileName": "products/zomlang/tests/language/declarations/functions/closure-function-definitions/closure.zom",
  "children": [
    {
      "type": "VariableDeclaration",
      "bindings": [
        {
          "type": "BindingElement",
          "name": "closure",
          "initializer": 
          {
            "type": "FunctionExpression",
            "parameters": [
              {
                "type": "BindingElement",
                "name": "n",
                "varType": "Type"
              },
              {
                "type": "BindingElement",
                "name": "s",
                "varType": "Type"
              }
            ],
            "returnType": {"type": "Type"},
            "body": 
            {
              "type": "BlockStatement",
              "statements": [
                {
                  "type": "ExpressionStatement",
                  "expression": 
                  {
                    "type": "StringLiteral",
                    "value": "\"1234\""
                  }
                }
              ]
            }
          }
        }
      ]
    }
  ]
}